<html>
<body>
<pre>
<h1>µVision Build Log</h1>
<h2>Project:</h2>
C:\Keil\_Projects346\CECS 447\CECS447Lab1\CECS447Lab1.uvproj
Project File Date:  09/05/2018

<h2>Output:</h2>
Build target 'CECS447Lab1'
compiling CECS447Lab1.c...
linking...
Program Size: Code=1700 RO-data=32 RW-data=4 ZI-data=1124  
".\CECS447Lab1.axf" - 0 Error(s), 0 Warning(s).
(s), 0 Warning(s).
Load "C:\\Keil\\_Projects346\\CECS 447\\CECS447Lab1\\CECS447Lab1.axf" 
Connecting: Mode=JTAG, Speed=1000000Hz
Connection failed!, error code=&d
Error: Flash Download failed  -  Target DLL has been cancelled
(s).
Target not created
