<html>
<body>
<pre>
<h1>µVision Build Log</h1>
<h2>Project:</h2>
C:\Users\Chris\Desktop\CECS447Lab1\CECS447Lab1.uvproj
Project File Date:  09/05/2018

<h2>Output:</h2>
Build target 'Lab1'
compiling CECS447Lab1.c...
linking...
Program Size: Code=1568 RO-data=32 RW-data=4 ZI-data=1124  
".\InputOutput.axf" - 0 Error(s), 0 Warning(s).
Load "C:\\Users\\Chris\\Desktop\\CECS447Lab1\\InputOutput.axf" 
Connecting: Mode=JTAG, Speed=1000000Hz
Erase Done.
Programming Done.
Verify OK.
</pre>
</body>
</html>
